{
  "version": "1.5.0",
  "plugins_used": [
    {
      "name": "ArtifactoryDetector"
    },
    {
      "name": "AWSKeyDetector"
    },
    {
      "name": "AzureStorageKeyDetector"
    },
    {
      "name": "Base64HighEntropyString",
      "limit": 4.5
    },
    {
      "name": "BasicAuthDetector"
    },
    {
      "name": "CloudantDetector"
    },
    {
      "name": "DiscordBotTokenDetector"
    },
    {
      "name": "GitHubTokenDetector"
    },
    {
      "name": "GitLabTokenDetector"
    },
    {
      "name": "HexHighEntropyString",
      "limit": 3.0
    },
    {
      "name": "IbmCloudIamDetector"
    },
    {
      "name": "IbmCosHmacDetector"
    },
    {
      "name": "IPPublicDetector"
    },
    {
      "name": "JwtTokenDetector"
    },
    {
      "name": "KeywordDetector",
      "keyword_exclude": ""
    },
    {
      "name": "MailchimpDetector"
    },
    {
      "name": "NpmDetector"
    },
    {
      "name": "OpenAIDetector"
    },
    {
      "name": "PrivateKeyDetector"
    },
    {
      "name": "PypiTokenDetector"
    },
    {
      "name": "SendGridDetector"
    },
    {
      "name": "SlackDetector"
    },
    {
      "name": "SoftlayerDetector"
    },
    {
      "name": "SquareOAuthDetector"
    },
    {
      "name": "StripeDetector"
    },
    {
      "name": "TelegramBotTokenDetector"
    },
    {
      "name": "TwilioKeyDetector"
    }
  ],
  "filters_used": [
    {
      "path": "detect_secrets.filters.allowlist.is_line_allowlisted"
    },
    {
      "path": "detect_secrets.filters.common.is_ignored_due_to_verification_policies",
      "min_level": 2
    },
    {
      "path": "detect_secrets.filters.heuristic.is_indirect_reference"
    },
    {
      "path": "detect_secrets.filters.heuristic.is_likely_id_string"
    },
    {
      "path": "detect_secrets.filters.heuristic.is_lock_file"
    },
    {
      "path": "detect_secrets.filters.heuristic.is_not_alphanumeric_string"
    },
    {
      "path": "detect_secrets.filters.heuristic.is_potential_uuid"
    },
    {
      "path": "detect_secrets.filters.heuristic.is_prefixed_with_dollar_sign"
    },
    {
      "path": "detect_secrets.filters.heuristic.is_sequential_string"
    },
    {
      "path": "detect_secrets.filters.heuristic.is_swagger_file"
    },
    {
      "path": "detect_secrets.filters.heuristic.is_templated_secret"
    },
    {
      "path": "detect_secrets.filters.regex.should_exclude_file",
      "pattern": [
        "package-lock\\.json"
      ]
    }
  ],
  "results": {
    ".env.example": [
      {
        "type": "Basic Auth Credentials",
        "filename": ".env.example",
        "hashed_secret": "5baa61e4c9b93f3f0682250b6cf8331b7ee68fd8",
        "is_verified": false,
        "line_number": 17
      }
    ],
    "docs/UI/GPU Calc - Quick Estimate (standalone)-print.html": [
      {
        "type": "Base64 High Entropy String",
        "filename": "docs/UI/GPU Calc - Quick Estimate (standalone)-print.html",
        "hashed_secret": "15cec270f44d7f4f1751d3f3ba0c59de746d783e",
        "is_verified": false,
        "line_number": 549
      },
      {
        "type": "Base64 High Entropy String",
        "filename": "docs/UI/GPU Calc - Quick Estimate (standalone)-print.html",
        "hashed_secret": "9d4f0dbeba51b67921005512a26e5e651bedb626",
        "is_verified": false,
        "line_number": 550
      },
      {
        "type": "Base64 High Entropy String",
        "filename": "docs/UI/GPU Calc - Quick Estimate (standalone)-print.html",
        "hashed_secret": "eadc3f93238dda49ec69d9ffa9416a74f348d9ca",
        "is_verified": false,
        "line_number": 551
      }
    ],
    "docs/UI/GPU Calc - Quick Estimate (standalone).html": [
      {
        "type": "Base64 High Entropy String",
        "filename": "docs/UI/GPU Calc - Quick Estimate (standalone).html",
        "hashed_secret": "6e56004f6e568788f4543c55712aa82d4da20a86",
        "is_verified": false,
        "line_number": 173
      },
      {
        "type": "Base64 High Entropy String",
        "filename": "docs/UI/GPU Calc - Quick Estimate (standalone).html",
        "hashed_secret": "86246c8f14a0531a15123b0abe1f16ea77b396b7",
        "is_verified": false,
        "line_number": 173
      },
      {
        "type": "Base64 High Entropy String",
        "filename": "docs/UI/GPU Calc - Quick Estimate (standalone).html",
        "hashed_secret": "8ae4ae3db564c9e2698a8b11b5e1f04f53055ffb",
        "is_verified": false,
        "line_number": 173
      },
      {
        "type": "Base64 High Entropy String",
        "filename": "docs/UI/GPU Calc - Quick Estimate (standalone).html",
        "hashed_secret": "9e02bf88ac1c1fad7d97c49c0263c5cf0ccf089c",
        "is_verified": false,
        "line_number": 173
      },
      {
        "type": "Base64 High Entropy String",
        "filename": "docs/UI/GPU Calc - Quick Estimate (standalone).html",
        "hashed_secret": "d506e61a2fb3141e4b54b7089c3537fb32f81667",
        "is_verified": false,
        "line_number": 173
      },
      {
        "type": "Base64 High Entropy String",
        "filename": "docs/UI/GPU Calc - Quick Estimate (standalone).html",
        "hashed_secret": "d56f47ca5cfa0a357f36f373b0c26c66810cbc17",
        "is_verified": false,
        "line_number": 173
      },
      {
        "type": "Base64 High Entropy String",
        "filename": "docs/UI/GPU Calc - Quick Estimate (standalone).html",
        "hashed_secret": "d6f3f525832db23ed9d7a4fceef39e2082219ecf",
        "is_verified": false,
        "line_number": 173
      },
      {
        "type": "Base64 High Entropy String",
        "filename": "docs/UI/GPU Calc - Quick Estimate (standalone).html",
        "hashed_secret": "d7d67becb734a3f532b0c33ce1c9aa7813d245ed",
        "is_verified": false,
        "line_number": 173
      },
      {
        "type": "Base64 High Entropy String",
        "filename": "docs/UI/GPU Calc - Quick Estimate (standalone).html",
        "hashed_secret": "da429713dd7c68727e21360b680519666d7610c3",
        "is_verified": false,
        "line_number": 173
      },
      {
        "type": "Base64 High Entropy String",
        "filename": "docs/UI/GPU Calc - Quick Estimate (standalone).html",
        "hashed_secret": "daf5452974d0efd5179214f2bcbd38d0a4797f19",
        "is_verified": false,
        "line_number": 173
      },
      {
        "type": "Base64 High Entropy String",
        "filename": "docs/UI/GPU Calc - Quick Estimate (standalone).html",
        "hashed_secret": "ee6bb1193f37f55a4b7d7adce845baa5ec6976d6",
        "is_verified": false,
        "line_number": 173
      },
      {
        "type": "Base64 High Entropy String",
        "filename": "docs/UI/GPU Calc - Quick Estimate (standalone).html",
        "hashed_secret": "0a449d00b1041fac16ec12aab7b771f78d9d2dfd",
        "is_verified": false,
        "line_number": 181
      },
      {
        "type": "Base64 High Entropy String",
        "filename": "docs/UI/GPU Calc - Quick Estimate (standalone).html",
        "hashed_secret": "e6cd6c2780b6e2a51425dff62cd206cf4c721e2b",
        "is_verified": false,
        "line_number": 181
      },
      {
        "type": "Base64 High Entropy String",
        "filename": "docs/UI/GPU Calc - Quick Estimate (standalone).html",
        "hashed_secret": "f5a2aae7c643343904ceba4ab34f90754b18a246",
        "is_verified": false,
        "line_number": 181
      }
    ],
    "docs/UI/Quick Estimate v1.html": [
      {
        "type": "Base64 High Entropy String",
        "filename": "docs/UI/Quick Estimate v1.html",
        "hashed_secret": "15cec270f44d7f4f1751d3f3ba0c59de746d783e",
        "is_verified": false,
        "line_number": 498
      },
      {
        "type": "Base64 High Entropy String",
        "filename": "docs/UI/Quick Estimate v1.html",
        "hashed_secret": "9d4f0dbeba51b67921005512a26e5e651bedb626",
        "is_verified": false,
        "line_number": 499
      },
      {
        "type": "Base64 High Entropy String",
        "filename": "docs/UI/Quick Estimate v1.html",
        "hashed_secret": "eadc3f93238dda49ec69d9ffa9416a74f348d9ca",
        "is_verified": false,
        "line_number": 500
      }
    ],
    "docs/UI/Quick Estimate.html": [
      {
        "type": "Base64 High Entropy String",
        "filename": "docs/UI/Quick Estimate.html",
        "hashed_secret": "15cec270f44d7f4f1751d3f3ba0c59de746d783e",
        "is_verified": false,
        "line_number": 599
      },
      {
        "type": "Base64 High Entropy String",
        "filename": "docs/UI/Quick Estimate.html",
        "hashed_secret": "9d4f0dbeba51b67921005512a26e5e651bedb626",
        "is_verified": false,
        "line_number": 600
      },
      {
        "type": "Base64 High Entropy String",
        "filename": "docs/UI/Quick Estimate.html",
        "hashed_secret": "eadc3f93238dda49ec69d9ffa9416a74f348d9ca",
        "is_verified": false,
        "line_number": 601
      }
    ],
    "lib/gpu-math/models.ts": [
      {
        "type": "Base64 High Entropy String",
        "filename": "lib/gpu-math/models.ts",
        "hashed_secret": "ed6271c85374eb62d536189cbee1ca303ff7cbd6",
        "is_verified": false,
        "line_number": 215
      }
    ]
  },
  "generated_at": "2026-07-27T13:09:04Z"
}
